// Jest Snapshot v1, https://goo.gl/fbAQLP

exports[`renders correctly 1`] = `
<div
  className="App"
>
  <div />
  <div
    className="MuiPaper-root-2 MuiPaper-elevation2-6 MuiPaper-rounded-3"
    style={
      Object {
        "margin": "10% auto 0 auto",
        "padding": "5%",
        "textAlign": "center",
        "width": "500px",
      }
    }
  >
    <img
      alt="Girl Guides Australia Logo"
      src="logo.svg"
    />
    <form
      onSubmit={[Function]}
    >
      <div
        className="MuiFormControl-root-29 MuiFormControl-marginNormal-30"
      >
        <label
          className="MuiFormLabel-root-44 MuiFormLabel-required-49 MuiInputLabel-required-37 MuiInputLabel-root-33 MuiInputLabel-formControl-38 MuiInputLabel-animated-41"
          data-shrink={false}
          htmlFor="email"
        >
          Email
          <span
            className="MuiFormLabel-asterisk-50"
          >
             *
          </span>
        </label>
        <div
          className="MuiInputBase-root-64 MuiInput-root-51 MuiInput-underline-55 MuiInputBase-formControl-65 MuiInput-formControl-52"
          onClick={[Function]}
        >
          <input
            aria-invalid={false}
            className="MuiInputBase-input-74 MuiInput-input-59 MuiInputBase-inputType-77 MuiInput-inputType-62"
            disabled={false}
            id="email"
            onBlur={[Function]}
            onChange={[Function]}
            onFocus={[Function]}
            required={true}
            type="email"
          />
        </div>
      </div>
      <br />
      <div
        className="MuiFormControl-root-29 MuiFormControl-marginNormal-30"
      >
        <label
          className="MuiFormLabel-root-44 MuiFormLabel-required-49 MuiInputLabel-required-37 MuiInputLabel-root-33 MuiInputLabel-formControl-38 MuiInputLabel-animated-41"
          data-shrink={false}
          htmlFor="password"
        >
          Password
          <span
            className="MuiFormLabel-asterisk-50"
          >
             *
          </span>
        </label>
        <div
          className="MuiInputBase-root-64 MuiInput-root-51 MuiInput-underline-55 MuiInputBase-formControl-65 MuiInput-formControl-52"
          onClick={[Function]}
        >
          <input
            aria-invalid={false}
            className="MuiInputBase-input-74 MuiInput-input-59 MuiInputBase-inputType-77 MuiInput-inputType-62"
            disabled={false}
            id="password"
            onBlur={[Function]}
            onChange={[Function]}
            onFocus={[Function]}
            required={true}
            type="password"
          />
        </div>
      </div>
      <br />
      <button
        className="MuiButtonBase-root-107 MuiButton-root-81 MuiButton-contained-92 MuiButton-containedPrimary-93 MuiButton-raised-95 MuiButton-raisedPrimary-96"
        disabled={false}
        onBlur={[Function]}
        onContextMenu={[Function]}
        onFocus={[Function]}
        onKeyDown={[Function]}
        onKeyUp={[Function]}
        onMouseDown={[Function]}
        onMouseLeave={[Function]}
        onMouseUp={[Function]}
        onTouchEnd={[Function]}
        onTouchMove={[Function]}
        onTouchStart={[Function]}
        style={
          Object {
            "margin": 15,
          }
        }
        tabIndex="0"
        type="submit"
      >
        <span
          className="MuiButton-label-82"
        >
          Sign In
        </span>
        <span
          className="MuiTouchRipple-root-110"
        />
      </button>
      <a
        href="/signup"
        onClick={[Function]}
      >
        <button
          className="MuiButtonBase-root-107 MuiButton-root-81 MuiButton-contained-92 MuiButton-containedPrimary-93 MuiButton-raised-95 MuiButton-raisedPrimary-96"
          disabled={false}
          onBlur={[Function]}
          onContextMenu={[Function]}
          onFocus={[Function]}
          onKeyDown={[Function]}
          onKeyUp={[Function]}
          onMouseDown={[Function]}
          onMouseLeave={[Function]}
          onMouseUp={[Function]}
          onTouchEnd={[Function]}
          onTouchMove={[Function]}
          onTouchStart={[Function]}
          style={
            Object {
              "backgroundColor": "orange",
              "margin": 15,
            }
          }
          tabIndex="0"
          type="button"
        >
          <span
            className="MuiButton-label-82"
          >
            Sign Up
          </span>
          <span
            className="MuiTouchRipple-root-110"
          />
        </button>
      </a>
    </form>
  </div>
</div>
`;
